error: cannot use `serde_args::generate` macro on function
 --> tests/trybuild/fn.rs:4:1
  |
4 | fn foo() {}
  | ^^^^^^^^^^^
