error: cannot use `serde_args::help` macro on module
 --> tests/trybuild/mod.rs:4:1
  |
4 | mod foo {}
  | ^^^^^^^^^^
