error: cannot use `serde_args::help` macro on trait
 --> tests/trybuild/trait.rs:4:1
  |
4 | trait Foo {}
  | ^^^^^^^^^^^^
