error: cannot use `serde_args::help` macro on use declaration
 --> tests/trybuild/use.rs:4:1
  |
4 | use std::vec;
  | ^^^^^^^^^^^^^
